// 重构日志: 9d551f9f
// 重构日志: bb84cead
// 重构日志: a4cb6a17
// 重构日志: aef6e74e
// 重构日志: 94955c36
// 同步 ID: 96a0c2e4 @ Mon Jun 22 16:18:43 UTC 2026
// 重构日志: 03f402dd
// 同步 ID: 75ac7006 @ Wed Jun 24 18:44:37 UTC 2026
// 重构日志: 7f4a0946
// 同步 ID: d76a0a03 @ Thu Jul  2 00:30:43 UTC 2026
// 同步 ID: cd08d4ca @ Thu Jul  2 19:08:38 UTC 2026
// 同步 ID: 7f6161ac @ Tue Jul  7 12:23:00 UTC 2026
// 同步 ID: e47a775e @ Tue Jul  7 18:23:14 UTC 2026
// 同步 ID: ca56a817 @ Wed Jul  8 04:14:08 UTC 2026
// 重构日志: 296c2d13
// 同步 ID: e4222ab9 @ Wed Jul  8 19:13:10 UTC 2026
// 重构日志: 49c537f6
// 重构日志: 7c9c3fe9
// 同步 ID: 482ea0f4 @ Fri Jul 10 14:59:20 UTC 2026
// 重构日志: e498e8d8
// 同步 ID: cefd403b @ Sat Jul 11 04:25:31 UTC 2026
// 重构日志: 96596180
